src/modules/clients/client.service.ts(4,16): error TS2614: Module '"../../config/db"' has no exported member 'db'. Did you mean to use 'import db from "../../config/db"' instead?
src/modules/clients/client.service.ts(5,25): error TS2307: Cannot find module '../../models/schema' or its corresponding type declarations.
src/modules/clients/client.service.ts(6,20): error TS2307: Cannot find module 'drizzle-orm' or its corresponding type declarations.
src/modules/users/users.controller.ts(40,27): error TS2345: Argument of type 'string | string[]' is not assignable to parameter of type 'string'.
  Type 'string[]' is not assignable to type 'string'.
src/modules/users/users.routes.ts(5,3): error TS2305: Module '"./users.controller"' has no exported member 'createUser'.
src/modules/users/users.routes.ts(6,3): error TS2305: Module '"./users.controller"' has no exported member 'getUsers'.
src/modules/users/users.routes.ts(7,3): error TS2305: Module '"./users.controller"' has no exported member 'updateUserStatus'.
src/modules/users/users.routes.ts(8,3): error TS2305: Module '"./users.controller"' has no exported member 'updateUserRole'.
src/modules/users/users.routes.ts(9,3): error TS2305: Module '"./users.controller"' has no exported member 'deleteUser'.
src/modules/users/users.service.ts(1,10): error TS2614: Module '"../../config/db"' has no exported member 'db'. Did you mean to use 'import db from "../../config/db"' instead?
src/modules/users/users.service.ts(2,47): error TS2307: Cannot find module '../../models/schema' or its corresponding type declarations.
src/modules/users/users.service.ts(3,25): error TS2307: Cannot find module 'drizzle-orm' or its corresponding type declarations.
